// Jest Snapshot v1, https://goo.gl/fbAQLP

exports[`App component Renders App 1`] = `
<DocumentFragment>
  <div
    class="App"
  >
    <header
      class="App-header"
    >
      <h1>
        React
      </h1>
      <div>
        <label
          for="search"
        >
          Search : 
        </label>
        <input
          id="search"
          type="text"
          value=""
        />
      </div>
    </header>
  </div>
</DocumentFragment>
`;
